[backblue.gif]
[fade.gif]
[index.html]
[thiccboisupreme.club/assets/favicon.ico]
[thiccboisupreme.club/assets/js/vendor/jquery-2.1.4.min.js]
[thiccboisupreme.club/assets/js/vendor/plugin.js]
[thiccboisupreme.club/assets/js/variable.js]
[thiccboisupreme.club/assets/js/main.js]
[thiccboisupreme.club/assets/js/demo.js]
[thiccboisupreme.club/assets/wp.gif]
[thiccboisupreme.club/gravy.mp3]
[thiccboisupreme.club/index.html]
[thiccboisupreme.club/assets/css/main.css]
[thiccboisupreme.club/assets/css/bootstrap.min.css]
[thiccboisupreme.club/assets/css/vendor.css]
[thiccboisupreme.club/assets/css/theme_black_red.css]
[thiccboisupreme.club/assets/css/custom.css]
[thiccboisupreme.club/assets/css/demo.css]
[thiccboisupreme.club/assets/css/font-awesome.min.css]
[thiccboisupreme.club/assets/fonts/glyphicons-halflings-regular.eot.html]
[thiccboisupreme.club/assets/fonts/glyphicons-halflings-regulard41dd41d.eot@.html]
[thiccboisupreme.club/assets/fonts/glyphicons-halflings-regular.html]
[thiccboisupreme.club/assets/fonts/glyphicons-halflings-regular.woff.html]
[thiccboisupreme.club/assets/fonts/glyphicons-halflings-regular-2.html]
[thiccboisupreme.club/assets/fonts/glyphicons-halflings-regular.svg.html]
[thiccboisupreme.club/s4mur41.pw/assets/img/bg/site-bg-img.html]
[thiccboisupreme.club/s4mur41.pw/assets/img/bg/newsletter.html]
[thiccboisupreme.club/www.bplaced.net/gfx/bpt.html]
[thiccboisupreme.club/www.bplaced.net/gfx/efeat.html]
[thiccboisupreme.club/www.bplaced.net/gfx/epr.html]
[thiccboisupreme.club/www.bplaced.net/gfx/grad.html]
[thiccboisupreme.club/img1.wsimg.com/tcc/tcc_l.combined.1.0.6.min.html]
